>>> "C:\\Program Files\\Go\\bin\\go" test -timeout=45m -tags=ckzg -tags=integrationtests -p 1 -short ./...
?   	github.com/ethereum/go-ethereum	[no test files]
ok  	github.com/ethereum/go-ethereum/accounts	1.330s
ok  	github.com/ethereum/go-ethereum/accounts/abi	2.012s
--- FAIL: TestBindingV2ConvertedV1Tests (0.51s)
    --- FAIL: TestBindingV2ConvertedV1Tests/Empty (0.02s)
        bindv2_test.go:294: wrong output: diff after 46 characters
            have: ..."// Code generated via abigen V2 - DO NOT EDIT.\n// This file is a generated binding and any manua"...
            want: ..."// Code generated via abigen V2 - DO NOT EDIT.\r\n// This file is a generated binding and any manu"...
    --- FAIL: TestBindingV2ConvertedV1Tests/Token (0.03s)
        bindv2_test.go:294: wrong output: diff after 46 characters
            have: ..."// Code generated via abigen V2 - DO NOT EDIT.\n// This file is a generated binding and any manua"...
            want: ..."// Code generated via abigen V2 - DO NOT EDIT.\r\n// This file is a generated binding and any manu"...
    --- FAIL: TestBindingV2ConvertedV1Tests/Crowdsale (0.02s)
        bindv2_test.go:294: wrong output: diff after 46 characters
            have: ..."// Code generated via abigen V2 - DO NOT EDIT.\n// This file is a generated binding and any manua"...
            want: ..."// Code generated via abigen V2 - DO NOT EDIT.\r\n// This file is a generated binding and any manu"...
    --- FAIL: TestBindingV2ConvertedV1Tests/DAO (0.03s)
        bindv2_test.go:294: wrong output: diff after 46 characters
            have: ..."// Code generated via abigen V2 - DO NOT EDIT.\n// This file is a generated binding and any manua"...
            want: ..."// Code generated via abigen V2 - DO NOT EDIT.\r\n// This file is a generated binding and any manu"...
    --- FAIL: TestBindingV2ConvertedV1Tests/InputChecker (0.03s)
        bindv2_test.go:294: wrong output: diff after 46 characters
            have: ..."// Code generated via abigen V2 - DO NOT EDIT.\n// This file is a generated binding and any manua"...
            want: ..."// Code generated via abigen V2 - DO NOT EDIT.\r\n// This file is a generated binding and any manu"...
    --- FAIL: TestBindingV2ConvertedV1Tests/OutputChecker (0.03s)
        bindv2_test.go:294: wrong output: diff after 46 characters
            have: ..."// Code generated via abigen V2 - DO NOT EDIT.\n// This file is a generated binding and any manua"...
            want: ..."// Code generated via abigen V2 - DO NOT EDIT.\r\n// This file is a generated binding and any manu"...
    --- FAIL: TestBindingV2ConvertedV1Tests/EventChecker (0.02s)
        bindv2_test.go:294: wrong output: diff after 46 characters
            have: ..."// Code generated via abigen V2 - DO NOT EDIT.\n// This file is a generated binding and any manua"...
            want: ..."// Code generated via abigen V2 - DO NOT EDIT.\r\n// This file is a generated binding and any manu"...
    --- FAIL: TestBindingV2ConvertedV1Tests/Interactor (0.02s)
        bindv2_test.go:294: wrong output: diff after 46 characters
            have: ..."// Code generated via abigen V2 - DO NOT EDIT.\n// This file is a generated binding and any manua"...
            want: ..."// Code generated via abigen V2 - DO NOT EDIT.\r\n// This file is a generated binding and any manu"...
    --- FAIL: TestBindingV2ConvertedV1Tests/Getter (0.02s)
        bindv2_test.go:294: wrong output: diff after 46 characters
            have: ..."// Code generated via abigen V2 - DO NOT EDIT.\n// This file is a generated binding and any manua"...
            want: ..."// Code generated via abigen V2 - DO NOT EDIT.\r\n// This file is a generated binding and any manu"...
    --- FAIL: TestBindingV2ConvertedV1Tests/Tupler (0.02s)
        bindv2_test.go:294: wrong output: diff after 46 characters
            have: ..."// Code generated via abigen V2 - DO NOT EDIT.\n// This file is a generated binding and any manua"...
            want: ..."// Code generated via abigen V2 - DO NOT EDIT.\r\n// This file is a generated binding and any manu"...
    --- FAIL: TestBindingV2ConvertedV1Tests/Slicer (0.02s)
        bindv2_test.go:294: wrong output: diff after 46 characters
            have: ..."// Code generated via abigen V2 - DO NOT EDIT.\n// This file is a generated binding and any manua"...
            want: ..."// Code generated via abigen V2 - DO NOT EDIT.\r\n// This file is a generated binding and any manu"...
    --- FAIL: TestBindingV2ConvertedV1Tests/Structs (0.02s)
        bindv2_test.go:294: wrong output: diff after 46 characters
            have: ..."// Code generated via abigen V2 - DO NOT EDIT.\n// This file is a generated binding and any manua"...
            want: ..."// Code generated via abigen V2 - DO NOT EDIT.\r\n// This file is a generated binding and any manu"...
    --- FAIL: TestBindingV2ConvertedV1Tests/Underscorer (0.03s)
        bindv2_test.go:294: wrong output: diff after 46 characters
            have: ..."// Code generated via abigen V2 - DO NOT EDIT.\n// This file is a generated binding and any manua"...
            want: ..."// Code generated via abigen V2 - DO NOT EDIT.\r\n// This file is a generated binding and any manu"...
    --- FAIL: TestBindingV2ConvertedV1Tests/DeeplyNestedArray (0.02s)
        bindv2_test.go:294: wrong output: diff after 46 characters
            have: ..."// Code generated via abigen V2 - DO NOT EDIT.\n// This file is a generated binding and any manua"...
            want: ..."// Code generated via abigen V2 - DO NOT EDIT.\r\n// This file is a generated binding and any manu"...
    --- FAIL: TestBindingV2ConvertedV1Tests/CallbackParam (0.02s)
        bindv2_test.go:294: wrong output: diff after 46 characters
            have: ..."// Code generated via abigen V2 - DO NOT EDIT.\n// This file is a generated binding and any manua"...
            want: ..."// Code generated via abigen V2 - DO NOT EDIT.\r\n// This file is a generated binding and any manu"...
    --- FAIL: TestBindingV2ConvertedV1Tests/Tuple (0.02s)
        bindv2_test.go:294: wrong output: diff after 46 characters
            have: ..."// Code generated via abigen V2 - DO NOT EDIT.\n// This file is a generated binding and any manua"...
            want: ..."// Code generated via abigen V2 - DO NOT EDIT.\r\n// This file is a generated binding and any manu"...
    --- FAIL: TestBindingV2ConvertedV1Tests/Overload (0.03s)
        bindv2_test.go:294: wrong output: diff after 46 characters
            have: ..."// Code generated via abigen V2 - DO NOT EDIT.\n// This file is a generated binding and any manua"...
            want: ..."// Code generated via abigen V2 - DO NOT EDIT.\r\n// This file is a generated binding and any manu"...
    --- FAIL: TestBindingV2ConvertedV1Tests/IdentifierCollision (0.02s)
        bindv2_test.go:294: wrong output: diff after 46 characters
            have: ..."// Code generated via abigen V2 - DO NOT EDIT.\n// This file is a generated binding and any manua"...
            want: ..."// Code generated via abigen V2 - DO NOT EDIT.\r\n// This file is a generated binding and any manu"...
    --- FAIL: TestBindingV2ConvertedV1Tests/NameConflict (0.02s)
        bindv2_test.go:294: wrong output: diff after 46 characters
            have: ..."// Code generated via abigen V2 - DO NOT EDIT.\n// This file is a generated binding and any manua"...
            want: ..."// Code generated via abigen V2 - DO NOT EDIT.\r\n// This file is a generated binding and any manu"...
    --- FAIL: TestBindingV2ConvertedV1Tests/RangeKeyword (0.03s)
        bindv2_test.go:294: wrong output: diff after 46 characters
            have: ..."// Code generated via abigen V2 - DO NOT EDIT.\n// This file is a generated binding and any manua"...
            want: ..."// Code generated via abigen V2 - DO NOT EDIT.\r\n// This file is a generated binding and any manu"...
    --- FAIL: TestBindingV2ConvertedV1Tests/NumericMethodName (0.02s)
        bindv2_test.go:294: wrong output: diff after 46 characters
            have: ..."// Code generated via abigen V2 - DO NOT EDIT.\n// This file is a generated binding and any manua"...
            want: ..."// Code generated via abigen V2 - DO NOT EDIT.\r\n// This file is a generated binding and any manu"...
    --- FAIL: TestBindingV2ConvertedV1Tests/Structs#01 (0.00s)
        bindv2_test.go:294: wrong output: diff after 46 characters
            have: ..."// Code generated via abigen V2 - DO NOT EDIT.\n// This file is a generated binding and any manua"...
            want: ..."// Code generated via abigen V2 - DO NOT EDIT.\r\n// This file is a generated binding and any manu"...
FAIL
FAIL	github.com/ethereum/go-ethereum/accounts/abi/abigen	2.551s
?   	github.com/ethereum/go-ethereum/accounts/abi/bind	[no test files]
